components/dashboard/BoardDashboard.tsx(550,6): error TS17008: JSX element 'div' has no corresponding closing tag.
components/dashboard/BoardDashboard.tsx(553,8): error TS17008: JSX element 'div' has no corresponding closing tag.
components/dashboard/BoardDashboard.tsx(1532,10): error TS17008: JSX element 'Modal' has no corresponding closing tag.
components/dashboard/BoardDashboard.tsx(1676,11): error TS1005: ')' expected.
components/dashboard/BoardDashboard.tsx(1829,1): error TS1381: Unexpected token. Did you mean `{'}'}` or `&rbrace;`?
components/dashboard/BoardDashboard.tsx(1830,1): error TS1005: '</' expected.
